FAMILY_DECOMPOSITION_KEY.md: OK
README.md: OK
shasum: construction_records.jsonl.gz: No such file or directory
construction_records.jsonl.gz: FAILED open or read
family_decomposition_key.json: OK
family_reaction_definitions.json: OK
global_union/receipt.json: OK
global_union/summary.json: OK
original_generator_tasks/family_01_thiol_yne_enumeration_v8/exact_execution_binding.json: OK
original_generator_tasks/family_01_thiol_yne_enumeration_v8/receipt.json: OK
original_generator_tasks/family_01_thiol_yne_enumeration_v8/summary.json: OK
original_generator_tasks/family_01_thiol_yne_enumeration_v8/tasks/00.jsonl.gz: OK
original_generator_tasks/family_01_thiol_yne_enumeration_v8/tasks/01.jsonl.gz: OK
original_generator_tasks/family_01_thiol_yne_enumeration_v8/tasks/02.jsonl.gz: OK
original_generator_tasks/family_01_thiol_yne_enumeration_v8/tasks/03.jsonl.gz: OK
original_generator_tasks/family_01_thiol_yne_enumeration_v8/tasks/04.jsonl.gz: OK
original_generator_tasks/family_01_thiol_yne_enumeration_v8/tasks/05.jsonl.gz: OK
original_generator_tasks/family_01_thiol_yne_enumeration_v8/tasks/06.jsonl.gz: OK
original_generator_tasks/family_01_thiol_yne_enumeration_v8/tasks/07.jsonl.gz: OK
original_generator_tasks/family_01_thiol_yne_enumeration_v8/tasks/08.jsonl.gz: OK
original_generator_tasks/family_01_thiol_yne_enumeration_v8/tasks/09.jsonl.gz: OK
original_generator_tasks/family_01_thiol_yne_enumeration_v8/tasks/10.jsonl.gz: OK
original_generator_tasks/family_01_thiol_yne_enumeration_v8/tasks/11.jsonl.gz: OK
original_generator_tasks/family_01_thiol_yne_enumeration_v8/tasks/12.jsonl.gz: OK
original_generator_tasks/family_01_thiol_yne_enumeration_v8/tasks/13.jsonl.gz: OK
original_generator_tasks/family_01_thiol_yne_enumeration_v8/tasks/14.jsonl.gz: OK
original_generator_tasks/family_01_thiol_yne_enumeration_v8/tasks/15.jsonl.gz: OK
original_generator_tasks/family_01_thiol_yne_enumeration_v8/tasks/16.jsonl.gz: OK
original_generator_tasks/family_01_thiol_yne_enumeration_v8/tasks/17.jsonl.gz: OK
original_generator_tasks/family_01_thiol_yne_enumeration_v8/tasks/18.jsonl.gz: OK
original_generator_tasks/family_01_thiol_yne_enumeration_v8/tasks/19.jsonl.gz: OK
original_generator_tasks/family_01_thiol_yne_enumeration_v8/tasks/20.jsonl.gz: OK
original_generator_tasks/family_01_thiol_yne_enumeration_v8/tasks/21.jsonl.gz: OK
original_generator_tasks/family_01_thiol_yne_enumeration_v8/tasks/22.jsonl.gz: OK
original_generator_tasks/family_01_thiol_yne_enumeration_v8/tasks/23.jsonl.gz: OK
original_generator_tasks/family_01_thiol_yne_enumeration_v8/tasks/24.jsonl.gz: OK
original_generator_tasks/family_01_thiol_yne_enumeration_v8/tasks/25.jsonl.gz: OK
original_generator_tasks/family_01_thiol_yne_enumeration_v8/tasks/26.jsonl.gz: OK
original_generator_tasks/family_01_thiol_yne_enumeration_v8/tasks/27.jsonl.gz: OK
original_generator_tasks/family_01_thiol_yne_enumeration_v8/tasks/28.jsonl.gz: OK
original_generator_tasks/family_01_thiol_yne_enumeration_v8/tasks/29.jsonl.gz: OK
original_generator_tasks/family_02_o_esterification_enumeration_v8/exact_execution_binding.json: OK
original_generator_tasks/family_02_o_esterification_enumeration_v8/receipt.json: OK
original_generator_tasks/family_02_o_esterification_enumeration_v8/summary.json: OK
original_generator_tasks/family_02_o_esterification_enumeration_v8/tasks/00.jsonl.gz: OK
original_generator_tasks/family_02_o_esterification_enumeration_v8/tasks/01.jsonl.gz: OK
original_generator_tasks/family_02_o_esterification_enumeration_v8/tasks/02.jsonl.gz: OK
original_generator_tasks/family_02_o_esterification_enumeration_v8/tasks/03.jsonl.gz: OK
original_generator_tasks/family_02_o_esterification_enumeration_v8/tasks/04.jsonl.gz: OK
original_generator_tasks/family_02_o_esterification_enumeration_v8/tasks/05.jsonl.gz: OK
original_generator_tasks/family_02_o_esterification_enumeration_v8/tasks/06.jsonl.gz: OK
original_generator_tasks/family_02_o_esterification_enumeration_v8/tasks/07.jsonl.gz: OK
original_generator_tasks/family_02_o_esterification_enumeration_v8/tasks/08.jsonl.gz: OK
original_generator_tasks/family_02_o_esterification_enumeration_v8/tasks/09.jsonl.gz: OK
original_generator_tasks/family_02_o_esterification_enumeration_v8/tasks/10.jsonl.gz: OK
original_generator_tasks/family_02_o_esterification_enumeration_v8/tasks/11.jsonl.gz: OK
original_generator_tasks/family_02_o_esterification_enumeration_v8/tasks/12.jsonl.gz: OK
original_generator_tasks/family_02_o_esterification_enumeration_v8/tasks/13.jsonl.gz: OK
original_generator_tasks/family_02_o_esterification_enumeration_v8/tasks/14.jsonl.gz: OK
original_generator_tasks/family_02_o_esterification_enumeration_v8/tasks/15.jsonl.gz: OK
original_generator_tasks/family_02_o_esterification_enumeration_v8/tasks/16.jsonl.gz: OK
original_generator_tasks/family_02_o_esterification_enumeration_v8/tasks/17.jsonl.gz: OK
original_generator_tasks/family_02_o_esterification_enumeration_v8/tasks/18.jsonl.gz: OK
original_generator_tasks/family_02_o_esterification_enumeration_v8/tasks/19.jsonl.gz: OK
original_generator_tasks/family_02_o_esterification_enumeration_v8/tasks/20.jsonl.gz: OK
original_generator_tasks/family_02_o_esterification_enumeration_v8/tasks/21.jsonl.gz: OK
original_generator_tasks/family_02_o_esterification_enumeration_v8/tasks/22.jsonl.gz: OK
original_generator_tasks/family_02_o_esterification_enumeration_v8/tasks/23.jsonl.gz: OK
original_generator_tasks/family_02_o_esterification_enumeration_v8/tasks/24.jsonl.gz: OK
original_generator_tasks/family_02_o_esterification_enumeration_v8/tasks/25.jsonl.gz: OK
original_generator_tasks/family_02_o_esterification_enumeration_v8/tasks/26.jsonl.gz: OK
original_generator_tasks/family_02_o_esterification_enumeration_v8/tasks/27.jsonl.gz: OK
original_generator_tasks/family_02_o_esterification_enumeration_v8/tasks/28.jsonl.gz: OK
original_generator_tasks/family_02_o_esterification_enumeration_v8/tasks/29.jsonl.gz: OK
original_generator_tasks/family_03_aldehyde_ugi4_enumeration_v8/joint_grid_receipt.json: OK
original_generator_tasks/family_03_aldehyde_ugi4_enumeration_v8/precursors.jsonl: OK
original_generator_tasks/family_03_aldehyde_ugi4_enumeration_v8/regional_contract_receipt.json: OK
shasum: original_generator_tasks/family_03_aldehyde_ugi4_enumeration_v8/tuple_regional_dispositions.jsonl.gz: No such file or directory
original_generator_tasks/family_03_aldehyde_ugi4_enumeration_v8/tuple_regional_dispositions.jsonl.gz: FAILED open or read
original_generator_tasks/family_04_ketone_ugi4_enumeration_v8/exact_execution_binding.json: OK
original_generator_tasks/family_04_ketone_ugi4_enumeration_v8/receipt.json: OK
original_generator_tasks/family_04_ketone_ugi4_enumeration_v8/summary.json: OK
original_generator_tasks/family_04_ketone_ugi4_enumeration_v8/tasks/00.jsonl.gz: OK
original_generator_tasks/family_04_ketone_ugi4_enumeration_v8/tasks/01.jsonl.gz: OK
original_generator_tasks/family_04_ketone_ugi4_enumeration_v8/tasks/02.jsonl.gz: OK
original_generator_tasks/family_04_ketone_ugi4_enumeration_v8/tasks/03.jsonl.gz: OK
original_generator_tasks/family_04_ketone_ugi4_enumeration_v8/tasks/04.jsonl.gz: OK
original_generator_tasks/family_04_ketone_ugi4_enumeration_v8/tasks/05.jsonl.gz: OK
original_generator_tasks/family_04_ketone_ugi4_enumeration_v8/tasks/06.jsonl.gz: OK
original_generator_tasks/family_04_ketone_ugi4_enumeration_v8/tasks/07.jsonl.gz: OK
original_generator_tasks/family_04_ketone_ugi4_enumeration_v8/tasks/08.jsonl.gz: OK
original_generator_tasks/family_04_ketone_ugi4_enumeration_v8/tasks/09.jsonl.gz: OK
original_generator_tasks/family_04_ketone_ugi4_enumeration_v8/tasks/10.jsonl.gz: OK
original_generator_tasks/family_04_ketone_ugi4_enumeration_v8/tasks/11.jsonl.gz: OK
original_generator_tasks/family_04_ketone_ugi4_enumeration_v8/tasks/12.jsonl.gz: OK
original_generator_tasks/family_04_ketone_ugi4_enumeration_v8/tasks/13.jsonl.gz: OK
original_generator_tasks/family_04_ketone_ugi4_enumeration_v8/tasks/14.jsonl.gz: OK
original_generator_tasks/family_04_ketone_ugi4_enumeration_v8/tasks/15.jsonl.gz: OK
original_generator_tasks/family_04_ketone_ugi4_enumeration_v8/tasks/16.jsonl.gz: OK
original_generator_tasks/family_04_ketone_ugi4_enumeration_v8/tasks/17.jsonl.gz: OK
original_generator_tasks/family_04_ketone_ugi4_enumeration_v8/tasks/18.jsonl.gz: OK
original_generator_tasks/family_04_ketone_ugi4_enumeration_v8/tasks/19.jsonl.gz: OK
original_generator_tasks/family_04_ketone_ugi4_enumeration_v8/tasks/20.jsonl.gz: OK
original_generator_tasks/family_04_ketone_ugi4_enumeration_v8/tasks/21.jsonl.gz: OK
original_generator_tasks/family_04_ketone_ugi4_enumeration_v8/tasks/22.jsonl.gz: OK
original_generator_tasks/family_04_ketone_ugi4_enumeration_v8/tasks/23.jsonl.gz: OK
original_generator_tasks/family_04_ketone_ugi4_enumeration_v8/tasks/24.jsonl.gz: OK
original_generator_tasks/family_04_ketone_ugi4_enumeration_v8/tasks/25.jsonl.gz: OK
original_generator_tasks/family_04_ketone_ugi4_enumeration_v8/tasks/26.jsonl.gz: OK
original_generator_tasks/family_04_ketone_ugi4_enumeration_v8/tasks/27.jsonl.gz: OK
original_generator_tasks/family_04_ketone_ugi4_enumeration_v8/tasks/28.jsonl.gz: OK
original_generator_tasks/family_04_ketone_ugi4_enumeration_v8/tasks/29.jsonl.gz: OK
shasum: original_generator_tasks/family_05_aldehyde_ugi3_enumeration_v8/author_released_exact_contexts.jsonl.gz: No such file or directory
original_generator_tasks/family_05_aldehyde_ugi3_enumeration_v8/author_released_exact_contexts.jsonl.gz: FAILED open or read
shasum: original_generator_tasks/family_05_aldehyde_ugi3_enumeration_v8/exact_context_constructions.jsonl.gz: No such file or directory
original_generator_tasks/family_05_aldehyde_ugi3_enumeration_v8/exact_context_constructions.jsonl.gz: FAILED open or read
original_generator_tasks/family_05_aldehyde_ugi3_enumeration_v8/muscle_bounded_contexts.jsonl.gz: OK
original_generator_tasks/family_05_aldehyde_ugi3_enumeration_v8/receipt.json: OK
original_generator_tasks/family_05_aldehyde_ugi3_enumeration_v8/summary.json: OK
original_generator_tasks/family_06_a3_enumeration_v8/receipt.json: OK
original_generator_tasks/family_06_a3_enumeration_v8/summary.json: OK
original_generator_tasks/family_06_a3_enumeration_v8/tasks/00.jsonl.gz: OK
original_generator_tasks/family_06_a3_enumeration_v8/tasks/01.jsonl.gz: OK
original_generator_tasks/family_06_a3_enumeration_v8/tasks/02.jsonl.gz: OK
original_generator_tasks/family_06_a3_enumeration_v8/tasks/03.jsonl.gz: OK
original_generator_tasks/family_06_a3_enumeration_v8/tasks/04.jsonl.gz: OK
original_generator_tasks/family_06_a3_enumeration_v8/tasks/05.jsonl.gz: OK
original_generator_tasks/family_06_a3_enumeration_v8/tasks/06.jsonl.gz: OK
original_generator_tasks/family_06_a3_enumeration_v8/tasks/07.jsonl.gz: OK
original_generator_tasks/family_06_a3_enumeration_v8/tasks/08.jsonl.gz: OK
original_generator_tasks/family_06_a3_enumeration_v8/tasks/09.jsonl.gz: OK
original_generator_tasks/family_06_a3_enumeration_v8/tasks/10.jsonl.gz: OK
original_generator_tasks/family_06_a3_enumeration_v8/tasks/11.jsonl.gz: OK
original_generator_tasks/family_06_a3_enumeration_v8/tasks/12.jsonl.gz: OK
original_generator_tasks/family_06_a3_enumeration_v8/tasks/13.jsonl.gz: OK
original_generator_tasks/family_06_a3_enumeration_v8/tasks/14.jsonl.gz: OK
original_generator_tasks/family_06_a3_enumeration_v8/tasks/15.jsonl.gz: OK
original_generator_tasks/family_06_a3_enumeration_v8/tasks/16.jsonl.gz: OK
original_generator_tasks/family_06_a3_enumeration_v8/tasks/17.jsonl.gz: OK
original_generator_tasks/family_06_a3_enumeration_v8/tasks/18.jsonl.gz: OK
original_generator_tasks/family_06_a3_enumeration_v8/tasks/19.jsonl.gz: OK
original_generator_tasks/family_06_a3_enumeration_v8/tasks/20.jsonl.gz: OK
original_generator_tasks/family_06_a3_enumeration_v8/tasks/21.jsonl.gz: OK
original_generator_tasks/family_06_a3_enumeration_v8/tasks/22.jsonl.gz: OK
original_generator_tasks/family_06_a3_enumeration_v8/tasks/23.jsonl.gz: OK
original_generator_tasks/family_06_a3_enumeration_v8/tasks/24.jsonl.gz: OK
original_generator_tasks/family_06_a3_enumeration_v8/tasks/25.jsonl.gz: OK
original_generator_tasks/family_06_a3_enumeration_v8/tasks/26.jsonl.gz: OK
original_generator_tasks/family_06_a3_enumeration_v8/tasks/27.jsonl.gz: OK
original_generator_tasks/family_06_a3_enumeration_v8/tasks/28.jsonl.gz: OK
original_generator_tasks/family_06_a3_enumeration_v8/tasks/29.jsonl.gz: OK
original_generator_tasks/family_07_aema_enumeration_v8/receipt.json: OK
original_generator_tasks/family_07_aema_enumeration_v8/summary.json: OK
original_generator_tasks/family_07_aema_enumeration_v8/tasks/00.jsonl.gz: OK
original_generator_tasks/family_07_aema_enumeration_v8/tasks/01.jsonl.gz: OK
original_generator_tasks/family_07_aema_enumeration_v8/tasks/02.jsonl.gz: OK
original_generator_tasks/family_07_aema_enumeration_v8/tasks/03.jsonl.gz: OK
original_generator_tasks/family_07_aema_enumeration_v8/tasks/04.jsonl.gz: OK
original_generator_tasks/family_07_aema_enumeration_v8/tasks/05.jsonl.gz: OK
original_generator_tasks/family_07_aema_enumeration_v8/tasks/06.jsonl.gz: OK
original_generator_tasks/family_07_aema_enumeration_v8/tasks/07.jsonl.gz: OK
original_generator_tasks/family_07_aema_enumeration_v8/tasks/08.jsonl.gz: OK
original_generator_tasks/family_07_aema_enumeration_v8/tasks/09.jsonl.gz: OK
original_generator_tasks/family_07_aema_enumeration_v8/tasks/10.jsonl.gz: OK
original_generator_tasks/family_07_aema_enumeration_v8/tasks/11.jsonl.gz: OK
original_generator_tasks/family_07_aema_enumeration_v8/tasks/12.jsonl.gz: OK
original_generator_tasks/family_07_aema_enumeration_v8/tasks/13.jsonl.gz: OK
original_generator_tasks/family_07_aema_enumeration_v8/tasks/14.jsonl.gz: OK
original_generator_tasks/family_07_aema_enumeration_v8/tasks/15.jsonl.gz: OK
original_generator_tasks/family_07_aema_enumeration_v8/tasks/16.jsonl.gz: OK
original_generator_tasks/family_07_aema_enumeration_v8/tasks/17.jsonl.gz: OK
original_generator_tasks/family_07_aema_enumeration_v8/tasks/18.jsonl.gz: OK
original_generator_tasks/family_07_aema_enumeration_v8/tasks/19.jsonl.gz: OK
original_generator_tasks/family_07_aema_enumeration_v8/tasks/20.jsonl.gz: OK
original_generator_tasks/family_07_aema_enumeration_v8/tasks/21.jsonl.gz: OK
original_generator_tasks/family_07_aema_enumeration_v8/tasks/22.jsonl.gz: OK
original_generator_tasks/family_07_aema_enumeration_v8/tasks/23.jsonl.gz: OK
original_generator_tasks/family_07_aema_enumeration_v8/tasks/24.jsonl.gz: OK
original_generator_tasks/family_07_aema_enumeration_v8/tasks/25.jsonl.gz: OK
original_generator_tasks/family_07_aema_enumeration_v8/tasks/26.jsonl.gz: OK
original_generator_tasks/family_07_aema_enumeration_v8/tasks/27.jsonl.gz: OK
original_generator_tasks/family_07_aema_enumeration_v8/tasks/28.jsonl.gz: OK
original_generator_tasks/family_07_aema_enumeration_v8/tasks/29.jsonl.gz: OK
original_generator_tasks/family_08_lipidoid_2008_enumeration_v8/exact_execution_binding.json: OK
original_generator_tasks/family_08_lipidoid_2008_enumeration_v8/receipt.json: OK
original_generator_tasks/family_08_lipidoid_2008_enumeration_v8/summary.json: OK
original_generator_tasks/family_08_lipidoid_2008_enumeration_v8/tasks/00.jsonl.gz: OK
original_generator_tasks/family_08_lipidoid_2008_enumeration_v8/tasks/01.jsonl.gz: OK
original_generator_tasks/family_08_lipidoid_2008_enumeration_v8/tasks/02.jsonl.gz: OK
original_generator_tasks/family_08_lipidoid_2008_enumeration_v8/tasks/03.jsonl.gz: OK
original_generator_tasks/family_08_lipidoid_2008_enumeration_v8/tasks/04.jsonl.gz: OK
original_generator_tasks/family_08_lipidoid_2008_enumeration_v8/tasks/05.jsonl.gz: OK
original_generator_tasks/family_08_lipidoid_2008_enumeration_v8/tasks/06.jsonl.gz: OK
original_generator_tasks/family_08_lipidoid_2008_enumeration_v8/tasks/07.jsonl.gz: OK
original_generator_tasks/family_08_lipidoid_2008_enumeration_v8/tasks/08.jsonl.gz: OK
original_generator_tasks/family_08_lipidoid_2008_enumeration_v8/tasks/09.jsonl.gz: OK
original_generator_tasks/family_08_lipidoid_2008_enumeration_v8/tasks/10.jsonl.gz: OK
original_generator_tasks/family_08_lipidoid_2008_enumeration_v8/tasks/11.jsonl.gz: OK
original_generator_tasks/family_08_lipidoid_2008_enumeration_v8/tasks/12.jsonl.gz: OK
original_generator_tasks/family_08_lipidoid_2008_enumeration_v8/tasks/13.jsonl.gz: OK
original_generator_tasks/family_08_lipidoid_2008_enumeration_v8/tasks/14.jsonl.gz: OK
original_generator_tasks/family_08_lipidoid_2008_enumeration_v8/tasks/15.jsonl.gz: OK
original_generator_tasks/family_08_lipidoid_2008_enumeration_v8/tasks/16.jsonl.gz: OK
original_generator_tasks/family_08_lipidoid_2008_enumeration_v8/tasks/17.jsonl.gz: OK
original_generator_tasks/family_08_lipidoid_2008_enumeration_v8/tasks/18.jsonl.gz: OK
original_generator_tasks/family_08_lipidoid_2008_enumeration_v8/tasks/19.jsonl.gz: OK
original_generator_tasks/family_08_lipidoid_2008_enumeration_v8/tasks/20.jsonl.gz: OK
original_generator_tasks/family_08_lipidoid_2008_enumeration_v8/tasks/21.jsonl.gz: OK
original_generator_tasks/family_08_lipidoid_2008_enumeration_v8/tasks/22.jsonl.gz: OK
original_generator_tasks/family_08_lipidoid_2008_enumeration_v8/tasks/23.jsonl.gz: OK
original_generator_tasks/family_08_lipidoid_2008_enumeration_v8/tasks/24.jsonl.gz: OK
original_generator_tasks/family_08_lipidoid_2008_enumeration_v8/tasks/25.jsonl.gz: OK
original_generator_tasks/family_08_lipidoid_2008_enumeration_v8/tasks/26.jsonl.gz: OK
original_generator_tasks/family_08_lipidoid_2008_enumeration_v8/tasks/27.jsonl.gz: OK
original_generator_tasks/family_08_lipidoid_2008_enumeration_v8/tasks/28.jsonl.gz: OK
original_generator_tasks/family_08_lipidoid_2008_enumeration_v8/tasks/29.jsonl.gz: OK
original_generator_tasks/family_10_anderson_epoxide_enumeration_v8/receipt.json: OK
original_generator_tasks/family_10_anderson_epoxide_enumeration_v8/summary.json: OK
original_generator_tasks/family_10_anderson_epoxide_enumeration_v8/tasks/00.jsonl.gz: OK
original_generator_tasks/family_10_anderson_epoxide_enumeration_v8/tasks/01.jsonl.gz: OK
original_generator_tasks/family_10_anderson_epoxide_enumeration_v8/tasks/02.jsonl.gz: OK
original_generator_tasks/family_10_anderson_epoxide_enumeration_v8/tasks/03.jsonl.gz: OK
original_generator_tasks/family_10_anderson_epoxide_enumeration_v8/tasks/04.jsonl.gz: OK
original_generator_tasks/family_10_anderson_epoxide_enumeration_v8/tasks/05.jsonl.gz: OK
original_generator_tasks/family_10_anderson_epoxide_enumeration_v8/tasks/06.jsonl.gz: OK
original_generator_tasks/family_10_anderson_epoxide_enumeration_v8/tasks/07.jsonl.gz: OK
original_generator_tasks/family_10_anderson_epoxide_enumeration_v8/tasks/08.jsonl.gz: OK
original_generator_tasks/family_10_anderson_epoxide_enumeration_v8/tasks/09.jsonl.gz: OK
original_generator_tasks/family_10_anderson_epoxide_enumeration_v8/tasks/10.jsonl.gz: OK
original_generator_tasks/family_10_anderson_epoxide_enumeration_v8/tasks/11.jsonl.gz: OK
original_generator_tasks/family_10_anderson_epoxide_enumeration_v8/tasks/12.jsonl.gz: OK
original_generator_tasks/family_10_anderson_epoxide_enumeration_v8/tasks/13.jsonl.gz: OK
original_generator_tasks/family_10_anderson_epoxide_enumeration_v8/tasks/14.jsonl.gz: OK
original_generator_tasks/family_10_anderson_epoxide_enumeration_v8/tasks/15.jsonl.gz: OK
original_generator_tasks/family_10_anderson_epoxide_enumeration_v8/tasks/16.jsonl.gz: OK
original_generator_tasks/family_10_anderson_epoxide_enumeration_v8/tasks/17.jsonl.gz: OK
original_generator_tasks/family_10_anderson_epoxide_enumeration_v8/tasks/18.jsonl.gz: OK
original_generator_tasks/family_10_anderson_epoxide_enumeration_v8/tasks/19.jsonl.gz: OK
original_generator_tasks/family_10_anderson_epoxide_enumeration_v8/tasks/20.jsonl.gz: OK
original_generator_tasks/family_10_anderson_epoxide_enumeration_v8/tasks/21.jsonl.gz: OK
original_generator_tasks/family_10_anderson_epoxide_enumeration_v8/tasks/22.jsonl.gz: OK
original_generator_tasks/family_10_anderson_epoxide_enumeration_v8/tasks/23.jsonl.gz: OK
original_generator_tasks/family_10_anderson_epoxide_enumeration_v8/tasks/24.jsonl.gz: OK
original_generator_tasks/family_10_anderson_epoxide_enumeration_v8/tasks/25.jsonl.gz: OK
original_generator_tasks/family_10_anderson_epoxide_enumeration_v8/tasks/26.jsonl.gz: OK
original_generator_tasks/family_10_anderson_epoxide_enumeration_v8/tasks/27.jsonl.gz: OK
original_generator_tasks/family_10_anderson_epoxide_enumeration_v8/tasks/28.jsonl.gz: OK
original_generator_tasks/family_10_anderson_epoxide_enumeration_v8/tasks/29.jsonl.gz: OK
original_generator_tasks/family_11_epoxide_o_acyl_enumeration_v8/receipt.json: OK
original_generator_tasks/family_11_epoxide_o_acyl_enumeration_v8/summary.json: OK
original_generator_tasks/family_11_epoxide_o_acyl_enumeration_v8/tasks/00.jsonl.gz: OK
original_generator_tasks/family_11_epoxide_o_acyl_enumeration_v8/tasks/01.jsonl.gz: OK
original_generator_tasks/family_11_epoxide_o_acyl_enumeration_v8/tasks/02.jsonl.gz: OK
original_generator_tasks/family_11_epoxide_o_acyl_enumeration_v8/tasks/03.jsonl.gz: OK
original_generator_tasks/family_11_epoxide_o_acyl_enumeration_v8/tasks/04.jsonl.gz: OK
original_generator_tasks/family_11_epoxide_o_acyl_enumeration_v8/tasks/05.jsonl.gz: OK
original_generator_tasks/family_11_epoxide_o_acyl_enumeration_v8/tasks/06.jsonl.gz: OK
original_generator_tasks/family_11_epoxide_o_acyl_enumeration_v8/tasks/07.jsonl.gz: OK
original_generator_tasks/family_11_epoxide_o_acyl_enumeration_v8/tasks/08.jsonl.gz: OK
original_generator_tasks/family_11_epoxide_o_acyl_enumeration_v8/tasks/09.jsonl.gz: OK
original_generator_tasks/family_11_epoxide_o_acyl_enumeration_v8/tasks/10.jsonl.gz: OK
original_generator_tasks/family_11_epoxide_o_acyl_enumeration_v8/tasks/11.jsonl.gz: OK
original_generator_tasks/family_11_epoxide_o_acyl_enumeration_v8/tasks/12.jsonl.gz: OK
original_generator_tasks/family_11_epoxide_o_acyl_enumeration_v8/tasks/13.jsonl.gz: OK
original_generator_tasks/family_11_epoxide_o_acyl_enumeration_v8/tasks/14.jsonl.gz: OK
original_generator_tasks/family_11_epoxide_o_acyl_enumeration_v8/tasks/15.jsonl.gz: OK
original_generator_tasks/family_11_epoxide_o_acyl_enumeration_v8/tasks/16.jsonl.gz: OK
original_generator_tasks/family_11_epoxide_o_acyl_enumeration_v8/tasks/17.jsonl.gz: OK
original_generator_tasks/family_11_epoxide_o_acyl_enumeration_v8/tasks/18.jsonl.gz: OK
original_generator_tasks/family_11_epoxide_o_acyl_enumeration_v8/tasks/19.jsonl.gz: OK
original_generator_tasks/family_11_epoxide_o_acyl_enumeration_v8/tasks/20.jsonl.gz: OK
original_generator_tasks/family_11_epoxide_o_acyl_enumeration_v8/tasks/21.jsonl.gz: OK
original_generator_tasks/family_11_epoxide_o_acyl_enumeration_v8/tasks/22.jsonl.gz: OK
original_generator_tasks/family_11_epoxide_o_acyl_enumeration_v8/tasks/23.jsonl.gz: OK
original_generator_tasks/family_11_epoxide_o_acyl_enumeration_v8/tasks/24.jsonl.gz: OK
original_generator_tasks/family_11_epoxide_o_acyl_enumeration_v8/tasks/25.jsonl.gz: OK
original_generator_tasks/family_11_epoxide_o_acyl_enumeration_v8/tasks/26.jsonl.gz: OK
original_generator_tasks/family_11_epoxide_o_acyl_enumeration_v8/tasks/27.jsonl.gz: OK
original_generator_tasks/family_11_epoxide_o_acyl_enumeration_v8/tasks/28.jsonl.gz: OK
original_generator_tasks/family_11_epoxide_o_acyl_enumeration_v8/tasks/29.jsonl.gz: OK
original_generator_tasks/family_12_miao_cyclic_enumeration_v8/receipt.json: OK
original_generator_tasks/family_12_miao_cyclic_enumeration_v8/summary.json: OK
original_generator_tasks/family_12_miao_cyclic_enumeration_v8/tasks/00.jsonl.gz: OK
original_generator_tasks/family_12_miao_cyclic_enumeration_v8/tasks/01.jsonl.gz: OK
original_generator_tasks/family_12_miao_cyclic_enumeration_v8/tasks/02.jsonl.gz: OK
original_generator_tasks/family_12_miao_cyclic_enumeration_v8/tasks/03.jsonl.gz: OK
original_generator_tasks/family_12_miao_cyclic_enumeration_v8/tasks/04.jsonl.gz: OK
original_generator_tasks/family_12_miao_cyclic_enumeration_v8/tasks/05.jsonl.gz: OK
original_generator_tasks/family_12_miao_cyclic_enumeration_v8/tasks/06.jsonl.gz: OK
original_generator_tasks/family_12_miao_cyclic_enumeration_v8/tasks/07.jsonl.gz: OK
original_generator_tasks/family_12_miao_cyclic_enumeration_v8/tasks/08.jsonl.gz: OK
original_generator_tasks/family_12_miao_cyclic_enumeration_v8/tasks/09.jsonl.gz: OK
original_generator_tasks/family_12_miao_cyclic_enumeration_v8/tasks/10.jsonl.gz: OK
original_generator_tasks/family_12_miao_cyclic_enumeration_v8/tasks/11.jsonl.gz: OK
original_generator_tasks/family_12_miao_cyclic_enumeration_v8/tasks/12.jsonl.gz: OK
original_generator_tasks/family_12_miao_cyclic_enumeration_v8/tasks/13.jsonl.gz: OK
original_generator_tasks/family_12_miao_cyclic_enumeration_v8/tasks/14.jsonl.gz: OK
original_generator_tasks/family_12_miao_cyclic_enumeration_v8/tasks/15.jsonl.gz: OK
original_generator_tasks/family_12_miao_cyclic_enumeration_v8/tasks/16.jsonl.gz: OK
original_generator_tasks/family_12_miao_cyclic_enumeration_v8/tasks/17.jsonl.gz: OK
original_generator_tasks/family_12_miao_cyclic_enumeration_v8/tasks/18.jsonl.gz: OK
original_generator_tasks/family_12_miao_cyclic_enumeration_v8/tasks/19.jsonl.gz: OK
original_generator_tasks/family_12_miao_cyclic_enumeration_v8/tasks/20.jsonl.gz: OK
original_generator_tasks/family_12_miao_cyclic_enumeration_v8/tasks/21.jsonl.gz: OK
original_generator_tasks/family_12_miao_cyclic_enumeration_v8/tasks/22.jsonl.gz: OK
original_generator_tasks/family_12_miao_cyclic_enumeration_v8/tasks/23.jsonl.gz: OK
original_generator_tasks/family_12_miao_cyclic_enumeration_v8/tasks/24.jsonl.gz: OK
original_generator_tasks/family_12_miao_cyclic_enumeration_v8/tasks/25.jsonl.gz: OK
original_generator_tasks/family_12_miao_cyclic_enumeration_v8/tasks/26.jsonl.gz: OK
original_generator_tasks/family_12_miao_cyclic_enumeration_v8/tasks/27.jsonl.gz: OK
original_generator_tasks/family_12_miao_cyclic_enumeration_v8/tasks/28.jsonl.gz: OK
original_generator_tasks/family_12_miao_cyclic_enumeration_v8/tasks/29.jsonl.gz: OK
original_generator_tasks/family_13_miao_amide_enumeration_v8/receipt.json: OK
original_generator_tasks/family_13_miao_amide_enumeration_v8/summary.json: OK
original_generator_tasks/family_13_miao_amide_enumeration_v8/tasks/00.jsonl.gz: OK
original_generator_tasks/family_13_miao_amide_enumeration_v8/tasks/01.jsonl.gz: OK
original_generator_tasks/family_13_miao_amide_enumeration_v8/tasks/02.jsonl.gz: OK
original_generator_tasks/family_13_miao_amide_enumeration_v8/tasks/03.jsonl.gz: OK
original_generator_tasks/family_13_miao_amide_enumeration_v8/tasks/04.jsonl.gz: OK
original_generator_tasks/family_13_miao_amide_enumeration_v8/tasks/05.jsonl.gz: OK
original_generator_tasks/family_13_miao_amide_enumeration_v8/tasks/06.jsonl.gz: OK
original_generator_tasks/family_13_miao_amide_enumeration_v8/tasks/07.jsonl.gz: OK
original_generator_tasks/family_13_miao_amide_enumeration_v8/tasks/08.jsonl.gz: OK
original_generator_tasks/family_13_miao_amide_enumeration_v8/tasks/09.jsonl.gz: OK
original_generator_tasks/family_13_miao_amide_enumeration_v8/tasks/10.jsonl.gz: OK
original_generator_tasks/family_13_miao_amide_enumeration_v8/tasks/11.jsonl.gz: OK
original_generator_tasks/family_13_miao_amide_enumeration_v8/tasks/12.jsonl.gz: OK
original_generator_tasks/family_13_miao_amide_enumeration_v8/tasks/13.jsonl.gz: OK
original_generator_tasks/family_13_miao_amide_enumeration_v8/tasks/14.jsonl.gz: OK
original_generator_tasks/family_13_miao_amide_enumeration_v8/tasks/15.jsonl.gz: OK
original_generator_tasks/family_13_miao_amide_enumeration_v8/tasks/16.jsonl.gz: OK
original_generator_tasks/family_13_miao_amide_enumeration_v8/tasks/17.jsonl.gz: OK
original_generator_tasks/family_13_miao_amide_enumeration_v8/tasks/18.jsonl.gz: OK
original_generator_tasks/family_13_miao_amide_enumeration_v8/tasks/19.jsonl.gz: OK
original_generator_tasks/family_13_miao_amide_enumeration_v8/tasks/20.jsonl.gz: OK
original_generator_tasks/family_13_miao_amide_enumeration_v8/tasks/21.jsonl.gz: OK
original_generator_tasks/family_13_miao_amide_enumeration_v8/tasks/22.jsonl.gz: OK
original_generator_tasks/family_13_miao_amide_enumeration_v8/tasks/23.jsonl.gz: OK
original_generator_tasks/family_13_miao_amide_enumeration_v8/tasks/24.jsonl.gz: OK
original_generator_tasks/family_13_miao_amide_enumeration_v8/tasks/25.jsonl.gz: OK
original_generator_tasks/family_13_miao_amide_enumeration_v8/tasks/26.jsonl.gz: OK
original_generator_tasks/family_13_miao_amide_enumeration_v8/tasks/27.jsonl.gz: OK
original_generator_tasks/family_13_miao_amide_enumeration_v8/tasks/28.jsonl.gz: OK
original_generator_tasks/family_13_miao_amide_enumeration_v8/tasks/29.jsonl.gz: OK
original_generator_tasks/family_14_amine_alkylation_enumeration_v8/receipt.json: OK
original_generator_tasks/family_14_amine_alkylation_enumeration_v8/summary.json: OK
original_generator_tasks/family_14_amine_alkylation_enumeration_v8/tasks/00.jsonl.gz: OK
original_generator_tasks/family_14_amine_alkylation_enumeration_v8/tasks/01.jsonl.gz: OK
original_generator_tasks/family_14_amine_alkylation_enumeration_v8/tasks/02.jsonl.gz: OK
original_generator_tasks/family_14_amine_alkylation_enumeration_v8/tasks/03.jsonl.gz: OK
original_generator_tasks/family_14_amine_alkylation_enumeration_v8/tasks/04.jsonl.gz: OK
original_generator_tasks/family_14_amine_alkylation_enumeration_v8/tasks/05.jsonl.gz: OK
original_generator_tasks/family_14_amine_alkylation_enumeration_v8/tasks/06.jsonl.gz: OK
original_generator_tasks/family_14_amine_alkylation_enumeration_v8/tasks/07.jsonl.gz: OK
original_generator_tasks/family_14_amine_alkylation_enumeration_v8/tasks/08.jsonl.gz: OK
original_generator_tasks/family_14_amine_alkylation_enumeration_v8/tasks/09.jsonl.gz: OK
original_generator_tasks/family_14_amine_alkylation_enumeration_v8/tasks/10.jsonl.gz: OK
original_generator_tasks/family_14_amine_alkylation_enumeration_v8/tasks/11.jsonl.gz: OK
original_generator_tasks/family_14_amine_alkylation_enumeration_v8/tasks/12.jsonl.gz: OK
original_generator_tasks/family_14_amine_alkylation_enumeration_v8/tasks/13.jsonl.gz: OK
original_generator_tasks/family_14_amine_alkylation_enumeration_v8/tasks/14.jsonl.gz: OK
original_generator_tasks/family_14_amine_alkylation_enumeration_v8/tasks/15.jsonl.gz: OK
original_generator_tasks/family_14_amine_alkylation_enumeration_v8/tasks/16.jsonl.gz: OK
original_generator_tasks/family_14_amine_alkylation_enumeration_v8/tasks/17.jsonl.gz: OK
original_generator_tasks/family_14_amine_alkylation_enumeration_v8/tasks/18.jsonl.gz: OK
original_generator_tasks/family_14_amine_alkylation_enumeration_v8/tasks/19.jsonl.gz: OK
original_generator_tasks/family_14_amine_alkylation_enumeration_v8/tasks/20.jsonl.gz: OK
original_generator_tasks/family_14_amine_alkylation_enumeration_v8/tasks/21.jsonl.gz: OK
original_generator_tasks/family_14_amine_alkylation_enumeration_v8/tasks/22.jsonl.gz: OK
original_generator_tasks/family_14_amine_alkylation_enumeration_v8/tasks/23.jsonl.gz: OK
original_generator_tasks/family_14_amine_alkylation_enumeration_v8/tasks/24.jsonl.gz: OK
original_generator_tasks/family_14_amine_alkylation_enumeration_v8/tasks/25.jsonl.gz: OK
original_generator_tasks/family_14_amine_alkylation_enumeration_v8/tasks/26.jsonl.gz: OK
original_generator_tasks/family_14_amine_alkylation_enumeration_v8/tasks/27.jsonl.gz: OK
original_generator_tasks/family_14_amine_alkylation_enumeration_v8/tasks/28.jsonl.gz: OK
original_generator_tasks/family_14_amine_alkylation_enumeration_v8/tasks/29.jsonl.gz: OK
original_generator_tasks/family_15_aliphatic_reductive_amination_enumeration_v8/receipt.json: OK
original_generator_tasks/family_15_aliphatic_reductive_amination_enumeration_v8/summary.json: OK
original_generator_tasks/family_15_aliphatic_reductive_amination_enumeration_v8/tasks/00.jsonl.gz: OK
original_generator_tasks/family_15_aliphatic_reductive_amination_enumeration_v8/tasks/01.jsonl.gz: OK
original_generator_tasks/family_15_aliphatic_reductive_amination_enumeration_v8/tasks/02.jsonl.gz: OK
original_generator_tasks/family_15_aliphatic_reductive_amination_enumeration_v8/tasks/03.jsonl.gz: OK
original_generator_tasks/family_15_aliphatic_reductive_amination_enumeration_v8/tasks/04.jsonl.gz: OK
original_generator_tasks/family_15_aliphatic_reductive_amination_enumeration_v8/tasks/05.jsonl.gz: OK
original_generator_tasks/family_15_aliphatic_reductive_amination_enumeration_v8/tasks/06.jsonl.gz: OK
original_generator_tasks/family_15_aliphatic_reductive_amination_enumeration_v8/tasks/07.jsonl.gz: OK
original_generator_tasks/family_15_aliphatic_reductive_amination_enumeration_v8/tasks/08.jsonl.gz: OK
original_generator_tasks/family_15_aliphatic_reductive_amination_enumeration_v8/tasks/09.jsonl.gz: OK
original_generator_tasks/family_15_aliphatic_reductive_amination_enumeration_v8/tasks/10.jsonl.gz: OK
original_generator_tasks/family_15_aliphatic_reductive_amination_enumeration_v8/tasks/11.jsonl.gz: OK
original_generator_tasks/family_15_aliphatic_reductive_amination_enumeration_v8/tasks/12.jsonl.gz: OK
original_generator_tasks/family_15_aliphatic_reductive_amination_enumeration_v8/tasks/13.jsonl.gz: OK
original_generator_tasks/family_15_aliphatic_reductive_amination_enumeration_v8/tasks/14.jsonl.gz: OK
original_generator_tasks/family_15_aliphatic_reductive_amination_enumeration_v8/tasks/15.jsonl.gz: OK
original_generator_tasks/family_15_aliphatic_reductive_amination_enumeration_v8/tasks/16.jsonl.gz: OK
original_generator_tasks/family_15_aliphatic_reductive_amination_enumeration_v8/tasks/17.jsonl.gz: OK
original_generator_tasks/family_15_aliphatic_reductive_amination_enumeration_v8/tasks/18.jsonl.gz: OK
original_generator_tasks/family_15_aliphatic_reductive_amination_enumeration_v8/tasks/19.jsonl.gz: OK
original_generator_tasks/family_15_aliphatic_reductive_amination_enumeration_v8/tasks/20.jsonl.gz: OK
original_generator_tasks/family_15_aliphatic_reductive_amination_enumeration_v8/tasks/21.jsonl.gz: OK
original_generator_tasks/family_15_aliphatic_reductive_amination_enumeration_v8/tasks/22.jsonl.gz: OK
original_generator_tasks/family_15_aliphatic_reductive_amination_enumeration_v8/tasks/23.jsonl.gz: OK
original_generator_tasks/family_15_aliphatic_reductive_amination_enumeration_v8/tasks/24.jsonl.gz: OK
original_generator_tasks/family_15_aliphatic_reductive_amination_enumeration_v8/tasks/25.jsonl.gz: OK
original_generator_tasks/family_15_aliphatic_reductive_amination_enumeration_v8/tasks/26.jsonl.gz: OK
original_generator_tasks/family_15_aliphatic_reductive_amination_enumeration_v8/tasks/27.jsonl.gz: OK
original_generator_tasks/family_15_aliphatic_reductive_amination_enumeration_v8/tasks/28.jsonl.gz: OK
original_generator_tasks/family_15_aliphatic_reductive_amination_enumeration_v8/tasks/29.jsonl.gz: OK
original_generator_tasks/family_16_aryl_reductive_amination_enumeration_v8/receipt.json: OK
original_generator_tasks/family_16_aryl_reductive_amination_enumeration_v8/summary.json: OK
original_generator_tasks/family_16_aryl_reductive_amination_enumeration_v8/tasks/00.jsonl.gz: OK
original_generator_tasks/family_16_aryl_reductive_amination_enumeration_v8/tasks/01.jsonl.gz: OK
original_generator_tasks/family_16_aryl_reductive_amination_enumeration_v8/tasks/02.jsonl.gz: OK
original_generator_tasks/family_16_aryl_reductive_amination_enumeration_v8/tasks/03.jsonl.gz: OK
original_generator_tasks/family_16_aryl_reductive_amination_enumeration_v8/tasks/04.jsonl.gz: OK
original_generator_tasks/family_16_aryl_reductive_amination_enumeration_v8/tasks/05.jsonl.gz: OK
original_generator_tasks/family_16_aryl_reductive_amination_enumeration_v8/tasks/06.jsonl.gz: OK
original_generator_tasks/family_16_aryl_reductive_amination_enumeration_v8/tasks/07.jsonl.gz: OK
original_generator_tasks/family_16_aryl_reductive_amination_enumeration_v8/tasks/08.jsonl.gz: OK
original_generator_tasks/family_16_aryl_reductive_amination_enumeration_v8/tasks/09.jsonl.gz: OK
original_generator_tasks/family_16_aryl_reductive_amination_enumeration_v8/tasks/10.jsonl.gz: OK
original_generator_tasks/family_16_aryl_reductive_amination_enumeration_v8/tasks/11.jsonl.gz: OK
original_generator_tasks/family_16_aryl_reductive_amination_enumeration_v8/tasks/12.jsonl.gz: OK
original_generator_tasks/family_16_aryl_reductive_amination_enumeration_v8/tasks/13.jsonl.gz: OK
original_generator_tasks/family_16_aryl_reductive_amination_enumeration_v8/tasks/14.jsonl.gz: OK
original_generator_tasks/family_16_aryl_reductive_amination_enumeration_v8/tasks/15.jsonl.gz: OK
original_generator_tasks/family_16_aryl_reductive_amination_enumeration_v8/tasks/16.jsonl.gz: OK
original_generator_tasks/family_16_aryl_reductive_amination_enumeration_v8/tasks/17.jsonl.gz: OK
original_generator_tasks/family_16_aryl_reductive_amination_enumeration_v8/tasks/18.jsonl.gz: OK
original_generator_tasks/family_16_aryl_reductive_amination_enumeration_v8/tasks/19.jsonl.gz: OK
original_generator_tasks/family_16_aryl_reductive_amination_enumeration_v8/tasks/20.jsonl.gz: OK
original_generator_tasks/family_16_aryl_reductive_amination_enumeration_v8/tasks/21.jsonl.gz: OK
original_generator_tasks/family_16_aryl_reductive_amination_enumeration_v8/tasks/22.jsonl.gz: OK
original_generator_tasks/family_16_aryl_reductive_amination_enumeration_v8/tasks/23.jsonl.gz: OK
original_generator_tasks/family_16_aryl_reductive_amination_enumeration_v8/tasks/24.jsonl.gz: OK
original_generator_tasks/family_16_aryl_reductive_amination_enumeration_v8/tasks/25.jsonl.gz: OK
original_generator_tasks/family_16_aryl_reductive_amination_enumeration_v8/tasks/26.jsonl.gz: OK
original_generator_tasks/family_16_aryl_reductive_amination_enumeration_v8/tasks/27.jsonl.gz: OK
original_generator_tasks/family_16_aryl_reductive_amination_enumeration_v8/tasks/28.jsonl.gz: OK
original_generator_tasks/family_16_aryl_reductive_amination_enumeration_v8/tasks/29.jsonl.gz: OK
original_generator_tasks/family_17_disulfide_michael_enumeration_v8/receipt.json: OK
original_generator_tasks/family_17_disulfide_michael_enumeration_v8/summary.json: OK
original_generator_tasks/family_17_disulfide_michael_enumeration_v8/tasks/00.jsonl.gz: OK
original_generator_tasks/family_17_disulfide_michael_enumeration_v8/tasks/01.jsonl.gz: OK
original_generator_tasks/family_17_disulfide_michael_enumeration_v8/tasks/02.jsonl.gz: OK
original_generator_tasks/family_17_disulfide_michael_enumeration_v8/tasks/03.jsonl.gz: OK
original_generator_tasks/family_17_disulfide_michael_enumeration_v8/tasks/04.jsonl.gz: OK
original_generator_tasks/family_17_disulfide_michael_enumeration_v8/tasks/05.jsonl.gz: OK
original_generator_tasks/family_17_disulfide_michael_enumeration_v8/tasks/06.jsonl.gz: OK
original_generator_tasks/family_17_disulfide_michael_enumeration_v8/tasks/07.jsonl.gz: OK
original_generator_tasks/family_17_disulfide_michael_enumeration_v8/tasks/08.jsonl.gz: OK
original_generator_tasks/family_17_disulfide_michael_enumeration_v8/tasks/09.jsonl.gz: OK
original_generator_tasks/family_17_disulfide_michael_enumeration_v8/tasks/10.jsonl.gz: OK
original_generator_tasks/family_17_disulfide_michael_enumeration_v8/tasks/11.jsonl.gz: OK
original_generator_tasks/family_17_disulfide_michael_enumeration_v8/tasks/12.jsonl.gz: OK
original_generator_tasks/family_17_disulfide_michael_enumeration_v8/tasks/13.jsonl.gz: OK
original_generator_tasks/family_17_disulfide_michael_enumeration_v8/tasks/14.jsonl.gz: OK
original_generator_tasks/family_17_disulfide_michael_enumeration_v8/tasks/15.jsonl.gz: OK
original_generator_tasks/family_17_disulfide_michael_enumeration_v8/tasks/16.jsonl.gz: OK
original_generator_tasks/family_17_disulfide_michael_enumeration_v8/tasks/17.jsonl.gz: OK
original_generator_tasks/family_17_disulfide_michael_enumeration_v8/tasks/18.jsonl.gz: OK
original_generator_tasks/family_17_disulfide_michael_enumeration_v8/tasks/19.jsonl.gz: OK
original_generator_tasks/family_17_disulfide_michael_enumeration_v8/tasks/20.jsonl.gz: OK
original_generator_tasks/family_17_disulfide_michael_enumeration_v8/tasks/21.jsonl.gz: OK
original_generator_tasks/family_17_disulfide_michael_enumeration_v8/tasks/22.jsonl.gz: OK
original_generator_tasks/family_17_disulfide_michael_enumeration_v8/tasks/23.jsonl.gz: OK
original_generator_tasks/family_17_disulfide_michael_enumeration_v8/tasks/24.jsonl.gz: OK
original_generator_tasks/family_17_disulfide_michael_enumeration_v8/tasks/25.jsonl.gz: OK
original_generator_tasks/family_17_disulfide_michael_enumeration_v8/tasks/26.jsonl.gz: OK
original_generator_tasks/family_17_disulfide_michael_enumeration_v8/tasks/27.jsonl.gz: OK
original_generator_tasks/family_17_disulfide_michael_enumeration_v8/tasks/28.jsonl.gz: OK
original_generator_tasks/family_17_disulfide_michael_enumeration_v8/tasks/29.jsonl.gz: OK
original_generator_tasks/family_18_staar_enumeration_v8/receipt.json: OK
original_generator_tasks/family_18_staar_enumeration_v8/summary.json: OK
shasum: original_generator_tasks/family_18_staar_enumeration_v8/tasks/00.jsonl.gz: No such file or directory
original_generator_tasks/family_18_staar_enumeration_v8/tasks/00.jsonl.gz: FAILED open or read
shasum: original_generator_tasks/family_18_staar_enumeration_v8/tasks/01.jsonl.gz: No such file or directory
original_generator_tasks/family_18_staar_enumeration_v8/tasks/01.jsonl.gz: FAILED open or read
shasum: original_generator_tasks/family_18_staar_enumeration_v8/tasks/02.jsonl.gz: No such file or directory
original_generator_tasks/family_18_staar_enumeration_v8/tasks/02.jsonl.gz: FAILED open or read
shasum: original_generator_tasks/family_18_staar_enumeration_v8/tasks/03.jsonl.gz: No such file or directory
original_generator_tasks/family_18_staar_enumeration_v8/tasks/03.jsonl.gz: FAILED open or read
shasum: original_generator_tasks/family_18_staar_enumeration_v8/tasks/04.jsonl.gz: No such file or directory
original_generator_tasks/family_18_staar_enumeration_v8/tasks/04.jsonl.gz: FAILED open or read
shasum: original_generator_tasks/family_18_staar_enumeration_v8/tasks/05.jsonl.gz: No such file or directory
original_generator_tasks/family_18_staar_enumeration_v8/tasks/05.jsonl.gz: FAILED open or read
shasum: original_generator_tasks/family_18_staar_enumeration_v8/tasks/06.jsonl.gz: No such file or directory
original_generator_tasks/family_18_staar_enumeration_v8/tasks/06.jsonl.gz: FAILED open or read
shasum: original_generator_tasks/family_18_staar_enumeration_v8/tasks/07.jsonl.gz: No such file or directory
original_generator_tasks/family_18_staar_enumeration_v8/tasks/07.jsonl.gz: FAILED open or read
shasum: original_generator_tasks/family_18_staar_enumeration_v8/tasks/08.jsonl.gz: No such file or directory
original_generator_tasks/family_18_staar_enumeration_v8/tasks/08.jsonl.gz: FAILED open or read
shasum: original_generator_tasks/family_18_staar_enumeration_v8/tasks/09.jsonl.gz: No such file or directory
original_generator_tasks/family_18_staar_enumeration_v8/tasks/09.jsonl.gz: FAILED open or read
shasum: original_generator_tasks/family_18_staar_enumeration_v8/tasks/10.jsonl.gz: No such file or directory
original_generator_tasks/family_18_staar_enumeration_v8/tasks/10.jsonl.gz: FAILED open or read
shasum: original_generator_tasks/family_18_staar_enumeration_v8/tasks/11.jsonl.gz: No such file or directory
original_generator_tasks/family_18_staar_enumeration_v8/tasks/11.jsonl.gz: FAILED open or read
shasum: original_generator_tasks/family_18_staar_enumeration_v8/tasks/12.jsonl.gz: No such file or directory
original_generator_tasks/family_18_staar_enumeration_v8/tasks/12.jsonl.gz: FAILED open or read
shasum: original_generator_tasks/family_18_staar_enumeration_v8/tasks/13.jsonl.gz: No such file or directory
original_generator_tasks/family_18_staar_enumeration_v8/tasks/13.jsonl.gz: FAILED open or read
shasum: original_generator_tasks/family_18_staar_enumeration_v8/tasks/14.jsonl.gz: No such file or directory
original_generator_tasks/family_18_staar_enumeration_v8/tasks/14.jsonl.gz: FAILED open or read
shasum: original_generator_tasks/family_18_staar_enumeration_v8/tasks/15.jsonl.gz: No such file or directory
original_generator_tasks/family_18_staar_enumeration_v8/tasks/15.jsonl.gz: FAILED open or read
shasum: original_generator_tasks/family_18_staar_enumeration_v8/tasks/16.jsonl.gz: No such file or directory
original_generator_tasks/family_18_staar_enumeration_v8/tasks/16.jsonl.gz: FAILED open or read
shasum: original_generator_tasks/family_18_staar_enumeration_v8/tasks/17.jsonl.gz: No such file or directory
original_generator_tasks/family_18_staar_enumeration_v8/tasks/17.jsonl.gz: FAILED open or read
shasum: original_generator_tasks/family_18_staar_enumeration_v8/tasks/18.jsonl.gz: No such file or directory
original_generator_tasks/family_18_staar_enumeration_v8/tasks/18.jsonl.gz: FAILED open or read
shasum: original_generator_tasks/family_18_staar_enumeration_v8/tasks/19.jsonl.gz: No such file or directory
original_generator_tasks/family_18_staar_enumeration_v8/tasks/19.jsonl.gz: FAILED open or read
shasum: original_generator_tasks/family_18_staar_enumeration_v8/tasks/20.jsonl.gz: No such file or directory
original_generator_tasks/family_18_staar_enumeration_v8/tasks/20.jsonl.gz: FAILED open or read
shasum: original_generator_tasks/family_18_staar_enumeration_v8/tasks/21.jsonl.gz: No such file or directory
original_generator_tasks/family_18_staar_enumeration_v8/tasks/21.jsonl.gz: FAILED open or read
shasum: original_generator_tasks/family_18_staar_enumeration_v8/tasks/22.jsonl.gz: No such file or directory
original_generator_tasks/family_18_staar_enumeration_v8/tasks/22.jsonl.gz: FAILED open or read
shasum: original_generator_tasks/family_18_staar_enumeration_v8/tasks/23.jsonl.gz: No such file or directory
original_generator_tasks/family_18_staar_enumeration_v8/tasks/23.jsonl.gz: FAILED open or read
shasum: original_generator_tasks/family_18_staar_enumeration_v8/tasks/24.jsonl.gz: No such file or directory
original_generator_tasks/family_18_staar_enumeration_v8/tasks/24.jsonl.gz: FAILED open or read
shasum: original_generator_tasks/family_18_staar_enumeration_v8/tasks/25.jsonl.gz: No such file or directory
original_generator_tasks/family_18_staar_enumeration_v8/tasks/25.jsonl.gz: FAILED open or read
shasum: original_generator_tasks/family_18_staar_enumeration_v8/tasks/26.jsonl.gz: No such file or directory
original_generator_tasks/family_18_staar_enumeration_v8/tasks/26.jsonl.gz: FAILED open or read
shasum: original_generator_tasks/family_18_staar_enumeration_v8/tasks/27.jsonl.gz: No such file or directory
original_generator_tasks/family_18_staar_enumeration_v8/tasks/27.jsonl.gz: FAILED open or read
shasum: original_generator_tasks/family_18_staar_enumeration_v8/tasks/28.jsonl.gz: No such file or directory
original_generator_tasks/family_18_staar_enumeration_v8/tasks/28.jsonl.gz: FAILED open or read
shasum: original_generator_tasks/family_18_staar_enumeration_v8/tasks/29.jsonl.gz: No such file or directory
original_generator_tasks/family_18_staar_enumeration_v8/tasks/29.jsonl.gz: FAILED open or read
original_generator_tasks/family_19_iphos_enumeration_v8/receipt.json: OK
original_generator_tasks/family_19_iphos_enumeration_v8/summary.json: OK
original_generator_tasks/family_19_iphos_enumeration_v8/tasks/00.jsonl.gz: OK
original_generator_tasks/family_19_iphos_enumeration_v8/tasks/01.jsonl.gz: OK
original_generator_tasks/family_19_iphos_enumeration_v8/tasks/02.jsonl.gz: OK
original_generator_tasks/family_19_iphos_enumeration_v8/tasks/03.jsonl.gz: OK
original_generator_tasks/family_19_iphos_enumeration_v8/tasks/04.jsonl.gz: OK
original_generator_tasks/family_19_iphos_enumeration_v8/tasks/05.jsonl.gz: OK
original_generator_tasks/family_19_iphos_enumeration_v8/tasks/06.jsonl.gz: OK
original_generator_tasks/family_19_iphos_enumeration_v8/tasks/07.jsonl.gz: OK
original_generator_tasks/family_19_iphos_enumeration_v8/tasks/08.jsonl.gz: OK
original_generator_tasks/family_19_iphos_enumeration_v8/tasks/09.jsonl.gz: OK
original_generator_tasks/family_19_iphos_enumeration_v8/tasks/10.jsonl.gz: OK
original_generator_tasks/family_19_iphos_enumeration_v8/tasks/11.jsonl.gz: OK
original_generator_tasks/family_19_iphos_enumeration_v8/tasks/12.jsonl.gz: OK
original_generator_tasks/family_19_iphos_enumeration_v8/tasks/13.jsonl.gz: OK
original_generator_tasks/family_19_iphos_enumeration_v8/tasks/14.jsonl.gz: OK
original_generator_tasks/family_19_iphos_enumeration_v8/tasks/15.jsonl.gz: OK
original_generator_tasks/family_19_iphos_enumeration_v8/tasks/16.jsonl.gz: OK
original_generator_tasks/family_19_iphos_enumeration_v8/tasks/17.jsonl.gz: OK
original_generator_tasks/family_19_iphos_enumeration_v8/tasks/18.jsonl.gz: OK
original_generator_tasks/family_19_iphos_enumeration_v8/tasks/19.jsonl.gz: OK
original_generator_tasks/family_19_iphos_enumeration_v8/tasks/20.jsonl.gz: OK
original_generator_tasks/family_19_iphos_enumeration_v8/tasks/21.jsonl.gz: OK
original_generator_tasks/family_19_iphos_enumeration_v8/tasks/22.jsonl.gz: OK
original_generator_tasks/family_19_iphos_enumeration_v8/tasks/23.jsonl.gz: OK
original_generator_tasks/family_19_iphos_enumeration_v8/tasks/24.jsonl.gz: OK
original_generator_tasks/family_19_iphos_enumeration_v8/tasks/25.jsonl.gz: OK
original_generator_tasks/family_19_iphos_enumeration_v8/tasks/26.jsonl.gz: OK
original_generator_tasks/family_19_iphos_enumeration_v8/tasks/27.jsonl.gz: OK
original_generator_tasks/family_19_iphos_enumeration_v8/tasks/28.jsonl.gz: OK
original_generator_tasks/family_19_iphos_enumeration_v8/tasks/29.jsonl.gz: OK
original_generator_tasks/family_20_maleate_enumeration_v8/receipt.json: OK
original_generator_tasks/family_20_maleate_enumeration_v8/summary.json: OK
original_generator_tasks/family_20_maleate_enumeration_v8/tasks/00.jsonl.gz: OK
original_generator_tasks/family_20_maleate_enumeration_v8/tasks/01.jsonl.gz: OK
original_generator_tasks/family_20_maleate_enumeration_v8/tasks/02.jsonl.gz: OK
original_generator_tasks/family_20_maleate_enumeration_v8/tasks/03.jsonl.gz: OK
original_generator_tasks/family_20_maleate_enumeration_v8/tasks/04.jsonl.gz: OK
original_generator_tasks/family_20_maleate_enumeration_v8/tasks/05.jsonl.gz: OK
original_generator_tasks/family_20_maleate_enumeration_v8/tasks/06.jsonl.gz: OK
original_generator_tasks/family_20_maleate_enumeration_v8/tasks/07.jsonl.gz: OK
original_generator_tasks/family_20_maleate_enumeration_v8/tasks/08.jsonl.gz: OK
original_generator_tasks/family_20_maleate_enumeration_v8/tasks/09.jsonl.gz: OK
original_generator_tasks/family_20_maleate_enumeration_v8/tasks/10.jsonl.gz: OK
original_generator_tasks/family_20_maleate_enumeration_v8/tasks/11.jsonl.gz: OK
original_generator_tasks/family_20_maleate_enumeration_v8/tasks/12.jsonl.gz: OK
original_generator_tasks/family_20_maleate_enumeration_v8/tasks/13.jsonl.gz: OK
original_generator_tasks/family_20_maleate_enumeration_v8/tasks/14.jsonl.gz: OK
original_generator_tasks/family_20_maleate_enumeration_v8/tasks/15.jsonl.gz: OK
original_generator_tasks/family_20_maleate_enumeration_v8/tasks/16.jsonl.gz: OK
original_generator_tasks/family_20_maleate_enumeration_v8/tasks/17.jsonl.gz: OK
original_generator_tasks/family_20_maleate_enumeration_v8/tasks/18.jsonl.gz: OK
original_generator_tasks/family_20_maleate_enumeration_v8/tasks/19.jsonl.gz: OK
original_generator_tasks/family_20_maleate_enumeration_v8/tasks/20.jsonl.gz: OK
original_generator_tasks/family_20_maleate_enumeration_v8/tasks/21.jsonl.gz: OK
original_generator_tasks/family_20_maleate_enumeration_v8/tasks/22.jsonl.gz: OK
original_generator_tasks/family_20_maleate_enumeration_v8/tasks/23.jsonl.gz: OK
original_generator_tasks/family_20_maleate_enumeration_v8/tasks/24.jsonl.gz: OK
original_generator_tasks/family_20_maleate_enumeration_v8/tasks/25.jsonl.gz: OK
original_generator_tasks/family_20_maleate_enumeration_v8/tasks/26.jsonl.gz: OK
original_generator_tasks/family_20_maleate_enumeration_v8/tasks/27.jsonl.gz: OK
original_generator_tasks/family_20_maleate_enumeration_v8/tasks/28.jsonl.gz: OK
original_generator_tasks/family_20_maleate_enumeration_v8/tasks/29.jsonl.gz: OK
original_generator_tasks/family_21_acid_epoxide_diester_enumeration_v8/receipt.json: OK
original_generator_tasks/family_21_acid_epoxide_diester_enumeration_v8/summary.json: OK
shasum: original_generator_tasks/family_21_acid_epoxide_diester_enumeration_v8/tasks/00.jsonl.gz: No such file or directory
original_generator_tasks/family_21_acid_epoxide_diester_enumeration_v8/tasks/00.jsonl.gz: FAILED open or read
shasum: original_generator_tasks/family_21_acid_epoxide_diester_enumeration_v8/tasks/01.jsonl.gz: No such file or directory
original_generator_tasks/family_21_acid_epoxide_diester_enumeration_v8/tasks/01.jsonl.gz: FAILED open or read
shasum: original_generator_tasks/family_21_acid_epoxide_diester_enumeration_v8/tasks/02.jsonl.gz: No such file or directory
original_generator_tasks/family_21_acid_epoxide_diester_enumeration_v8/tasks/02.jsonl.gz: FAILED open or read
shasum: original_generator_tasks/family_21_acid_epoxide_diester_enumeration_v8/tasks/03.jsonl.gz: No such file or directory
original_generator_tasks/family_21_acid_epoxide_diester_enumeration_v8/tasks/03.jsonl.gz: FAILED open or read
shasum: original_generator_tasks/family_21_acid_epoxide_diester_enumeration_v8/tasks/04.jsonl.gz: No such file or directory
original_generator_tasks/family_21_acid_epoxide_diester_enumeration_v8/tasks/04.jsonl.gz: FAILED open or read
shasum: original_generator_tasks/family_21_acid_epoxide_diester_enumeration_v8/tasks/05.jsonl.gz: No such file or directory
original_generator_tasks/family_21_acid_epoxide_diester_enumeration_v8/tasks/05.jsonl.gz: FAILED open or read
shasum: original_generator_tasks/family_21_acid_epoxide_diester_enumeration_v8/tasks/06.jsonl.gz: No such file or directory
original_generator_tasks/family_21_acid_epoxide_diester_enumeration_v8/tasks/06.jsonl.gz: FAILED open or read
shasum: original_generator_tasks/family_21_acid_epoxide_diester_enumeration_v8/tasks/07.jsonl.gz: No such file or directory
original_generator_tasks/family_21_acid_epoxide_diester_enumeration_v8/tasks/07.jsonl.gz: FAILED open or read
shasum: original_generator_tasks/family_21_acid_epoxide_diester_enumeration_v8/tasks/08.jsonl.gz: No such file or directory
original_generator_tasks/family_21_acid_epoxide_diester_enumeration_v8/tasks/08.jsonl.gz: FAILED open or read
shasum: original_generator_tasks/family_21_acid_epoxide_diester_enumeration_v8/tasks/09.jsonl.gz: No such file or directory
original_generator_tasks/family_21_acid_epoxide_diester_enumeration_v8/tasks/09.jsonl.gz: FAILED open or read
shasum: original_generator_tasks/family_21_acid_epoxide_diester_enumeration_v8/tasks/10.jsonl.gz: No such file or directory
original_generator_tasks/family_21_acid_epoxide_diester_enumeration_v8/tasks/10.jsonl.gz: FAILED open or read
shasum: original_generator_tasks/family_21_acid_epoxide_diester_enumeration_v8/tasks/11.jsonl.gz: No such file or directory
original_generator_tasks/family_21_acid_epoxide_diester_enumeration_v8/tasks/11.jsonl.gz: FAILED open or read
shasum: original_generator_tasks/family_21_acid_epoxide_diester_enumeration_v8/tasks/12.jsonl.gz: No such file or directory
original_generator_tasks/family_21_acid_epoxide_diester_enumeration_v8/tasks/12.jsonl.gz: FAILED open or read
shasum: original_generator_tasks/family_21_acid_epoxide_diester_enumeration_v8/tasks/13.jsonl.gz: No such file or directory
original_generator_tasks/family_21_acid_epoxide_diester_enumeration_v8/tasks/13.jsonl.gz: FAILED open or read
shasum: original_generator_tasks/family_21_acid_epoxide_diester_enumeration_v8/tasks/14.jsonl.gz: No such file or directory
original_generator_tasks/family_21_acid_epoxide_diester_enumeration_v8/tasks/14.jsonl.gz: FAILED open or read
shasum: original_generator_tasks/family_21_acid_epoxide_diester_enumeration_v8/tasks/15.jsonl.gz: No such file or directory
original_generator_tasks/family_21_acid_epoxide_diester_enumeration_v8/tasks/15.jsonl.gz: FAILED open or read
shasum: original_generator_tasks/family_21_acid_epoxide_diester_enumeration_v8/tasks/16.jsonl.gz: No such file or directory
original_generator_tasks/family_21_acid_epoxide_diester_enumeration_v8/tasks/16.jsonl.gz: FAILED open or read
shasum: original_generator_tasks/family_21_acid_epoxide_diester_enumeration_v8/tasks/17.jsonl.gz: No such file or directory
original_generator_tasks/family_21_acid_epoxide_diester_enumeration_v8/tasks/17.jsonl.gz: FAILED open or read
shasum: original_generator_tasks/family_21_acid_epoxide_diester_enumeration_v8/tasks/18.jsonl.gz: No such file or directory
original_generator_tasks/family_21_acid_epoxide_diester_enumeration_v8/tasks/18.jsonl.gz: FAILED open or read
shasum: original_generator_tasks/family_21_acid_epoxide_diester_enumeration_v8/tasks/19.jsonl.gz: No such file or directory
original_generator_tasks/family_21_acid_epoxide_diester_enumeration_v8/tasks/19.jsonl.gz: FAILED open or read
shasum: original_generator_tasks/family_21_acid_epoxide_diester_enumeration_v8/tasks/20.jsonl.gz: No such file or directory
original_generator_tasks/family_21_acid_epoxide_diester_enumeration_v8/tasks/20.jsonl.gz: FAILED open or read
shasum: original_generator_tasks/family_21_acid_epoxide_diester_enumeration_v8/tasks/21.jsonl.gz: No such file or directory
original_generator_tasks/family_21_acid_epoxide_diester_enumeration_v8/tasks/21.jsonl.gz: FAILED open or read
shasum: original_generator_tasks/family_21_acid_epoxide_diester_enumeration_v8/tasks/22.jsonl.gz: No such file or directory
original_generator_tasks/family_21_acid_epoxide_diester_enumeration_v8/tasks/22.jsonl.gz: FAILED open or read
shasum: original_generator_tasks/family_21_acid_epoxide_diester_enumeration_v8/tasks/23.jsonl.gz: No such file or directory
original_generator_tasks/family_21_acid_epoxide_diester_enumeration_v8/tasks/23.jsonl.gz: FAILED open or read
shasum: original_generator_tasks/family_21_acid_epoxide_diester_enumeration_v8/tasks/24.jsonl.gz: No such file or directory
original_generator_tasks/family_21_acid_epoxide_diester_enumeration_v8/tasks/24.jsonl.gz: FAILED open or read
shasum: original_generator_tasks/family_21_acid_epoxide_diester_enumeration_v8/tasks/25.jsonl.gz: No such file or directory
original_generator_tasks/family_21_acid_epoxide_diester_enumeration_v8/tasks/25.jsonl.gz: FAILED open or read
shasum: original_generator_tasks/family_21_acid_epoxide_diester_enumeration_v8/tasks/26.jsonl.gz: No such file or directory
original_generator_tasks/family_21_acid_epoxide_diester_enumeration_v8/tasks/26.jsonl.gz: FAILED open or read
shasum: original_generator_tasks/family_21_acid_epoxide_diester_enumeration_v8/tasks/27.jsonl.gz: No such file or directory
original_generator_tasks/family_21_acid_epoxide_diester_enumeration_v8/tasks/27.jsonl.gz: FAILED open or read
shasum: original_generator_tasks/family_21_acid_epoxide_diester_enumeration_v8/tasks/28.jsonl.gz: No such file or directory
original_generator_tasks/family_21_acid_epoxide_diester_enumeration_v8/tasks/28.jsonl.gz: FAILED open or read
shasum: original_generator_tasks/family_21_acid_epoxide_diester_enumeration_v8/tasks/29.jsonl.gz: No such file or directory
original_generator_tasks/family_21_acid_epoxide_diester_enumeration_v8/tasks/29.jsonl.gz: FAILED open or read
original_generator_tasks/family_22_passerini_enumeration_v8/receipt.json: OK
original_generator_tasks/family_22_passerini_enumeration_v8/summary.json: OK
original_generator_tasks/family_22_passerini_enumeration_v8/tasks/00.jsonl.gz: OK
original_generator_tasks/family_22_passerini_enumeration_v8/tasks/01.jsonl.gz: OK
original_generator_tasks/family_22_passerini_enumeration_v8/tasks/02.jsonl.gz: OK
original_generator_tasks/family_22_passerini_enumeration_v8/tasks/03.jsonl.gz: OK
original_generator_tasks/family_22_passerini_enumeration_v8/tasks/04.jsonl.gz: OK
original_generator_tasks/family_22_passerini_enumeration_v8/tasks/05.jsonl.gz: OK
original_generator_tasks/family_22_passerini_enumeration_v8/tasks/06.jsonl.gz: OK
original_generator_tasks/family_22_passerini_enumeration_v8/tasks/07.jsonl.gz: OK
original_generator_tasks/family_22_passerini_enumeration_v8/tasks/08.jsonl.gz: OK
original_generator_tasks/family_22_passerini_enumeration_v8/tasks/09.jsonl.gz: OK
original_generator_tasks/family_22_passerini_enumeration_v8/tasks/10.jsonl.gz: OK
original_generator_tasks/family_22_passerini_enumeration_v8/tasks/11.jsonl.gz: OK
original_generator_tasks/family_22_passerini_enumeration_v8/tasks/12.jsonl.gz: OK
original_generator_tasks/family_22_passerini_enumeration_v8/tasks/13.jsonl.gz: OK
original_generator_tasks/family_22_passerini_enumeration_v8/tasks/14.jsonl.gz: OK
original_generator_tasks/family_22_passerini_enumeration_v8/tasks/15.jsonl.gz: OK
original_generator_tasks/family_22_passerini_enumeration_v8/tasks/16.jsonl.gz: OK
original_generator_tasks/family_22_passerini_enumeration_v8/tasks/17.jsonl.gz: OK
original_generator_tasks/family_22_passerini_enumeration_v8/tasks/18.jsonl.gz: OK
original_generator_tasks/family_22_passerini_enumeration_v8/tasks/19.jsonl.gz: OK
original_generator_tasks/family_22_passerini_enumeration_v8/tasks/20.jsonl.gz: OK
original_generator_tasks/family_22_passerini_enumeration_v8/tasks/21.jsonl.gz: OK
original_generator_tasks/family_22_passerini_enumeration_v8/tasks/22.jsonl.gz: OK
original_generator_tasks/family_22_passerini_enumeration_v8/tasks/23.jsonl.gz: OK
original_generator_tasks/family_22_passerini_enumeration_v8/tasks/24.jsonl.gz: OK
original_generator_tasks/family_22_passerini_enumeration_v8/tasks/25.jsonl.gz: OK
original_generator_tasks/family_22_passerini_enumeration_v8/tasks/26.jsonl.gz: OK
original_generator_tasks/family_22_passerini_enumeration_v8/tasks/27.jsonl.gz: OK
original_generator_tasks/family_22_passerini_enumeration_v8/tasks/28.jsonl.gz: OK
original_generator_tasks/family_22_passerini_enumeration_v8/tasks/29.jsonl.gz: OK
original_generator_tasks/family_23_vitamin_b5_enumeration_v8/receipt.json: OK
original_generator_tasks/family_23_vitamin_b5_enumeration_v8/summary.json: OK
original_generator_tasks/family_23_vitamin_b5_enumeration_v8/tasks/00.jsonl.gz: OK
original_generator_tasks/family_23_vitamin_b5_enumeration_v8/tasks/01.jsonl.gz: OK
original_generator_tasks/family_23_vitamin_b5_enumeration_v8/tasks/02.jsonl.gz: OK
original_generator_tasks/family_23_vitamin_b5_enumeration_v8/tasks/03.jsonl.gz: OK
original_generator_tasks/family_23_vitamin_b5_enumeration_v8/tasks/04.jsonl.gz: OK
original_generator_tasks/family_23_vitamin_b5_enumeration_v8/tasks/05.jsonl.gz: OK
original_generator_tasks/family_23_vitamin_b5_enumeration_v8/tasks/06.jsonl.gz: OK
original_generator_tasks/family_23_vitamin_b5_enumeration_v8/tasks/07.jsonl.gz: OK
original_generator_tasks/family_23_vitamin_b5_enumeration_v8/tasks/08.jsonl.gz: OK
original_generator_tasks/family_23_vitamin_b5_enumeration_v8/tasks/09.jsonl.gz: OK
original_generator_tasks/family_23_vitamin_b5_enumeration_v8/tasks/10.jsonl.gz: OK
original_generator_tasks/family_23_vitamin_b5_enumeration_v8/tasks/11.jsonl.gz: OK
original_generator_tasks/family_23_vitamin_b5_enumeration_v8/tasks/12.jsonl.gz: OK
original_generator_tasks/family_23_vitamin_b5_enumeration_v8/tasks/13.jsonl.gz: OK
original_generator_tasks/family_23_vitamin_b5_enumeration_v8/tasks/14.jsonl.gz: OK
original_generator_tasks/family_23_vitamin_b5_enumeration_v8/tasks/15.jsonl.gz: OK
original_generator_tasks/family_23_vitamin_b5_enumeration_v8/tasks/16.jsonl.gz: OK
original_generator_tasks/family_23_vitamin_b5_enumeration_v8/tasks/17.jsonl.gz: OK
original_generator_tasks/family_23_vitamin_b5_enumeration_v8/tasks/18.jsonl.gz: OK
original_generator_tasks/family_23_vitamin_b5_enumeration_v8/tasks/19.jsonl.gz: OK
original_generator_tasks/family_23_vitamin_b5_enumeration_v8/tasks/20.jsonl.gz: OK
original_generator_tasks/family_23_vitamin_b5_enumeration_v8/tasks/21.jsonl.gz: OK
original_generator_tasks/family_23_vitamin_b5_enumeration_v8/tasks/22.jsonl.gz: OK
original_generator_tasks/family_23_vitamin_b5_enumeration_v8/tasks/23.jsonl.gz: OK
original_generator_tasks/family_23_vitamin_b5_enumeration_v8/tasks/24.jsonl.gz: OK
original_generator_tasks/family_23_vitamin_b5_enumeration_v8/tasks/25.jsonl.gz: OK
original_generator_tasks/family_23_vitamin_b5_enumeration_v8/tasks/26.jsonl.gz: OK
original_generator_tasks/family_23_vitamin_b5_enumeration_v8/tasks/27.jsonl.gz: OK
original_generator_tasks/family_23_vitamin_b5_enumeration_v8/tasks/28.jsonl.gz: OK
original_generator_tasks/family_23_vitamin_b5_enumeration_v8/tasks/29.jsonl.gz: OK
post_instruction_component_manifest_v8_1/components.jsonl.gz: OK
post_instruction_component_manifest_v8_1/receipt.json: OK
post_instruction_component_manifest_v8_1/summary.json: OK
post_instruction_generator_splits_v8_1/assignments.jsonl.gz: OK
post_instruction_generator_splits_v8_1/receipt.json: OK
post_instruction_generator_splits_v8_1/selected_groups.json: OK
post_instruction_generator_splits_v8_1/split_groups.jsonl.gz: OK
post_instruction_generator_splits_v8_1/summary.json: OK
precursor_catalog.jsonl.gz: OK
receipt.json: OK
source_anchor_constructions/manifest.jsonl.gz: OK
source_anchor_constructions/receipt.json: OK
source_anchor_constructions/summary.json: OK
source_precursor_catalogue/precursors.jsonl: OK
source_precursor_catalogue/protocol.json: OK
source_precursor_catalogue/receipt.json: OK
source_precursor_catalogue/summary.json: OK
summary.json: OK
shasum: WARNING: 64 listed files could not be read
