{
  "status": "incomplete",
  "exit_code": 1,
  "manifest_files": 678,
  "verified_files": 615,
  "missing_paths": [
    "original_generator_tasks/family_03_aldehyde_ugi4_enumeration_v8/tuple_regional_dispositions.jsonl.gz",
    "original_generator_tasks/family_05_aldehyde_ugi3_enumeration_v8/author_released_exact_contexts.jsonl.gz",
    "original_generator_tasks/family_05_aldehyde_ugi3_enumeration_v8/exact_context_constructions.jsonl.gz",
    "original_generator_tasks/family_18_staar_enumeration_v8/tasks/00.jsonl.gz",
    "original_generator_tasks/family_18_staar_enumeration_v8/tasks/01.jsonl.gz",
    "original_generator_tasks/family_18_staar_enumeration_v8/tasks/02.jsonl.gz",
    "original_generator_tasks/family_18_staar_enumeration_v8/tasks/03.jsonl.gz",
    "original_generator_tasks/family_18_staar_enumeration_v8/tasks/04.jsonl.gz",
    "original_generator_tasks/family_18_staar_enumeration_v8/tasks/05.jsonl.gz",
    "original_generator_tasks/family_18_staar_enumeration_v8/tasks/06.jsonl.gz",
    "original_generator_tasks/family_18_staar_enumeration_v8/tasks/07.jsonl.gz",
    "original_generator_tasks/family_18_staar_enumeration_v8/tasks/08.jsonl.gz",
    "original_generator_tasks/family_18_staar_enumeration_v8/tasks/09.jsonl.gz",
    "original_generator_tasks/family_18_staar_enumeration_v8/tasks/10.jsonl.gz",
    "original_generator_tasks/family_18_staar_enumeration_v8/tasks/11.jsonl.gz",
    "original_generator_tasks/family_18_staar_enumeration_v8/tasks/12.jsonl.gz",
    "original_generator_tasks/family_18_staar_enumeration_v8/tasks/13.jsonl.gz",
    "original_generator_tasks/family_18_staar_enumeration_v8/tasks/14.jsonl.gz",
    "original_generator_tasks/family_18_staar_enumeration_v8/tasks/15.jsonl.gz",
    "original_generator_tasks/family_18_staar_enumeration_v8/tasks/16.jsonl.gz",
    "original_generator_tasks/family_18_staar_enumeration_v8/tasks/17.jsonl.gz",
    "original_generator_tasks/family_18_staar_enumeration_v8/tasks/18.jsonl.gz",
    "original_generator_tasks/family_18_staar_enumeration_v8/tasks/19.jsonl.gz",
    "original_generator_tasks/family_18_staar_enumeration_v8/tasks/20.jsonl.gz",
    "original_generator_tasks/family_18_staar_enumeration_v8/tasks/21.jsonl.gz",
    "original_generator_tasks/family_18_staar_enumeration_v8/tasks/22.jsonl.gz",
    "original_generator_tasks/family_18_staar_enumeration_v8/tasks/23.jsonl.gz",
    "original_generator_tasks/family_18_staar_enumeration_v8/tasks/24.jsonl.gz",
    "original_generator_tasks/family_18_staar_enumeration_v8/tasks/25.jsonl.gz",
    "original_generator_tasks/family_18_staar_enumeration_v8/tasks/26.jsonl.gz",
    "original_generator_tasks/family_18_staar_enumeration_v8/tasks/27.jsonl.gz",
    "original_generator_tasks/family_18_staar_enumeration_v8/tasks/28.jsonl.gz",
    "original_generator_tasks/family_18_staar_enumeration_v8/tasks/29.jsonl.gz",
    "original_generator_tasks/family_21_acid_epoxide_diester_enumeration_v8/tasks/00.jsonl.gz",
    "original_generator_tasks/family_21_acid_epoxide_diester_enumeration_v8/tasks/01.jsonl.gz",
    "original_generator_tasks/family_21_acid_epoxide_diester_enumeration_v8/tasks/02.jsonl.gz",
    "original_generator_tasks/family_21_acid_epoxide_diester_enumeration_v8/tasks/03.jsonl.gz",
    "original_generator_tasks/family_21_acid_epoxide_diester_enumeration_v8/tasks/04.jsonl.gz",
    "original_generator_tasks/family_21_acid_epoxide_diester_enumeration_v8/tasks/05.jsonl.gz",
    "original_generator_tasks/family_21_acid_epoxide_diester_enumeration_v8/tasks/06.jsonl.gz",
    "original_generator_tasks/family_21_acid_epoxide_diester_enumeration_v8/tasks/07.jsonl.gz",
    "original_generator_tasks/family_21_acid_epoxide_diester_enumeration_v8/tasks/08.jsonl.gz",
    "original_generator_tasks/family_21_acid_epoxide_diester_enumeration_v8/tasks/09.jsonl.gz",
    "original_generator_tasks/family_21_acid_epoxide_diester_enumeration_v8/tasks/10.jsonl.gz",
    "original_generator_tasks/family_21_acid_epoxide_diester_enumeration_v8/tasks/11.jsonl.gz",
    "original_generator_tasks/family_21_acid_epoxide_diester_enumeration_v8/tasks/12.jsonl.gz",
    "original_generator_tasks/family_21_acid_epoxide_diester_enumeration_v8/tasks/13.jsonl.gz",
    "original_generator_tasks/family_21_acid_epoxide_diester_enumeration_v8/tasks/14.jsonl.gz",
    "original_generator_tasks/family_21_acid_epoxide_diester_enumeration_v8/tasks/15.jsonl.gz",
    "original_generator_tasks/family_21_acid_epoxide_diester_enumeration_v8/tasks/16.jsonl.gz",
    "original_generator_tasks/family_21_acid_epoxide_diester_enumeration_v8/tasks/17.jsonl.gz",
    "original_generator_tasks/family_21_acid_epoxide_diester_enumeration_v8/tasks/18.jsonl.gz",
    "original_generator_tasks/family_21_acid_epoxide_diester_enumeration_v8/tasks/19.jsonl.gz",
    "original_generator_tasks/family_21_acid_epoxide_diester_enumeration_v8/tasks/20.jsonl.gz",
    "original_generator_tasks/family_21_acid_epoxide_diester_enumeration_v8/tasks/21.jsonl.gz",
    "original_generator_tasks/family_21_acid_epoxide_diester_enumeration_v8/tasks/22.jsonl.gz",
    "original_generator_tasks/family_21_acid_epoxide_diester_enumeration_v8/tasks/23.jsonl.gz",
    "original_generator_tasks/family_21_acid_epoxide_diester_enumeration_v8/tasks/24.jsonl.gz",
    "original_generator_tasks/family_21_acid_epoxide_diester_enumeration_v8/tasks/25.jsonl.gz",
    "original_generator_tasks/family_21_acid_epoxide_diester_enumeration_v8/tasks/26.jsonl.gz",
    "original_generator_tasks/family_21_acid_epoxide_diester_enumeration_v8/tasks/27.jsonl.gz",
    "original_generator_tasks/family_21_acid_epoxide_diester_enumeration_v8/tasks/28.jsonl.gz",
    "original_generator_tasks/family_21_acid_epoxide_diester_enumeration_v8/tasks/29.jsonl.gz"
  ],
  "mismatched_files": []
}
