{'precursor_structures': 45805, 'unique_canonical_precursor_structures': 45805, 'cross_family_precursors': 5409, 'scoped_aliases': 51433, 'ambiguous_scoped_aliases': 0, 'join_key': 'component_id'}
{
  "split_counts": {
    "train": 159782,
    "test": 19975,
    "calibration": 19975,
    "reference": 268
  },
  "panel_counts": {
    "unseen_exact_component_combination": 4676,
    "unseen_regional_morphology": 5512,
    "unseen_component_structure": 9259,
    "source_study_transfer_global": 532
  },
  "selected_held_components": 905,
  "selected_held_studies": 6,
  "panel_failures": {
    "selected_component_leaks": 0,
    "selected_study_leaks": 0
  },
  "product_molecules_parsed": 0,
  "scope": "200k structural component/study and supplied group-signature semantics; no product morphology recomputation"
}
